# Abandoned Church (biome: church)
# Symbols resolve via assets/tiles.yaml for the "church" biome; the map viewer
# shows the authoritative, data-driven legend with previews. Tiles used here:
# % = church wall   . = church floor   + = start
# Monster spawns: k = skeleton
# @ = NPC placeholder (entrance back to forest; bound by >[npc:...] at line end)
%%%%%%%%%%%%%%%%%%%%%%%%%%%%%%%
%%%%%%%%%%%%%%...%%%%%%%%%%%%%%
%%@........%%%...%%%........@%%  >[npc:chest_wooden], [npc:barrel_blue]
%%..k......%%%...%%%..k...k..%%
%%$...k......@..........k....%%  >[npc:wooden_door], [tile:dragon_art]
%%......k..%%%...%%%..k...k..%%
%%@........%%%...%%%........@%%  >[npc:chest_wooden], [npc:barrel_blue]
%%%%%%%%%%%%%%...%%%%%%%%%%%%%%
%%@........%%%...%%%........@%%  >[npc:barrel_red], [npc:barrel_green]
%%..k...k..%%%...%%%..k......%%
%%....k.................k....%%
%%..k...k..%%%...%%%......k..%%
%%@........%%%...%%%........@%%  >[npc:barrel_red], [npc:barrel_green]
%%%%%%%%%%%%%%...%%%%%%%%%%%%%%
%%%%%%%%%%%%%%...%%%%%%%%%%%%%%
%%%%%%%%%%%%%%...%%%%%%%%%%%.@%  >[npc:chest_golden]
%%%%%%%%%%$.........$%%%%%....%  >[tile:planks], [tile:planks]
%%%%%%%%%%...........%%%%%.%.@%  >[npc:spell_lectern]
%%%%%%%%%%...........%..%%.%%%%
%%%%%%%%%%...........@.....%%%%  >[npc:reinforced_door]
%%%%%%%%%%@.........$%..%%%%%%%  >[npc:abandoned_church_exit], [tile:portrait_live]
%%%%%%%%%%%%%%.+.%%%%%%%%%%%%%%
%%%%%%%%%%%%%%%%%%%%%%%%%%%%%%%
