# Clock Tower - Gearworks (biome: clock_tower_gearworks)
# I = gearstone wall  U = pipework wall  . = brass grate (default)  1 = slate spokes  + = start
# zones: dust slimes (b) haunt the south+west walks, grandfather clocks (g) the north+east and the vault
# @ = NPC placeholder, $ = decor tile placeholder (bound by >[...] at line end)
IIIIIIIIIIIIIIIIIIIIIIIIIIIIIIIIIII
I$..U$$$$$$$..............$$$U.$$$I  >[tile:boiler], [tile:boiler], [tile:gearcluster], [tile:pipevalve], [tile:gearcluster], [tile:pipevalve], [tile:gearcluster], [tile:pipevalve], [tile:gearpile], [tile:partscrate], [tile:gearpile], [tile:blueprint], [tile:gearcluster], [tile:gearcluster]
I$@.U...g.............g..........$I  >[npc:chest_gearwood], [tile:pipevalve], [tile:gearcluster]
I$bgU.........g..................$I  >[tile:pipevalve], [tile:gearcluster]
IUU.U.@..........@....@...$$$U...$I  >[npc:chest_gearwood], [npc:chest_gearwood], [npc:chest_gearwood], [tile:gearpile], [tile:partscrate], [tile:gearpile], [tile:blueprint]
I$...UUUU.UUUUUUUUUUUUUUUUUUUU....I  >[tile:pipevalve]
I$...U.......................U....I  >[tile:pipevalve]
I$...U....................g..U....I  >[tile:pipevalve]
I$bb.U.......................Ug...I  >[tile:pipevalve]
I$b..U.......................U....I  >[tile:pipevalve]
I....U....UUUUUUU.UUUUUUU....U....I
I....U....U.............U....U...$I  >[tile:pipevalve]
I.........U$....g.....$.U....U....I  >[tile:gearpile], [tile:gearpile]
I...$U....U.............U....U....I  >[tile:blueprint]
I....U....U...III.III...U....U.g..I
I....U....U...I.$..$I...U....U....I  >[tile:pipevalve], [tile:pipevalve]
I....U....U.g.I$....I...U....U....I  >[tile:pipevalve]
I....U1111U...I..@.$I...U1111U....I  >[npc:clock_stairs_to_3], [tile:pipevalve]
I....U....U........g....U....U....I
I....U....U...I$..g@I...U....U....I  >[npc:chest_chrono], [tile:pipevalve]
I....U........III.III...U....U....I
I$..$U....U..........g..U....U$...I  >[tile:gearcluster], [tile:gearcluster], [tile:pipevalve]
I$..$U.b..U.$..........$U.........I  >[tile:gearcluster], [tile:gearcluster], [tile:partscrate], [tile:partscrate]
I$..$U.bb.U.............U....U$...I  >[tile:gearcluster], [tile:gearcluster], [tile:pipevalve]
I....U....UUUUUUUUUUUUUU$....U....I  >[tile:pipevalve]
I....U.......................U...$I  >[tile:gearcluster]
I.bb.U......b................U....I
I.b..U......b................U....I
I....U.......................U$...I  >[tile:boiler]
IU..UUUUUUUUUUUUUUUU.UUUU.UUUU$...I  >[tile:boiler]
I$..$..............$....$.....UU.UI  >[tile:pipevalve], [tile:gearpile], [tile:pipevalve], [tile:pipevalve]
I...........bb...+........b...U...I
I.........................b...U.@.I  >[npc:chest_gearwood]
I$..$............@.....$$$....U...I  >[npc:clock_stairs_to_1], [tile:gearpile], [tile:gearpile], [tile:gearcluster], [tile:blueprint], [tile:gearcluster]
IIIIIIIIIIIIIIIIIIIIIIIIIIIIIIIIIII
