# Seabright Culverts (biome: culverts) — 50x50 sewer maze
# Symbols: % = wall   . = floor   + = start
# Monsters: r = rat   v = bat   t = thief bug   y = Golden Thief Bug (boss)
# NPCs: culverts_exit, culverts_oldman (Sewerman Garran), culvert_valve_1..7
%%%%%%%%%%%%%%%%%%%%%%%%%%%%%%%%%%%%%%%%%%%%%%%%%%
%@............................%.................%%  >[npc:culverts_exit]
%.+......%.%%.%.%%%..%%...%.%.%.%.%.%.%%%.%.%.%.%%
%.....@.....%.%.........%.%.%...%.%r....%r%...%..%  >[npc:culverts_oldman]
%........%%...%r%.%%%%%r%.%..%..%.%.%%%.%.%.%.%.%%
%..........v%.%.%...%...%.%.%...%.........%.%..v%%
%..........%%.%.%%%.%.%.%.%.%.........=.%%%.%%%.@%  >[npc:chest_iron]
%.....%.%.....%..@%...%...%.....t..F....%...%...%%  >[npc:chest_wooden]
%%%.%...%.%%%.%.%.%..v%.%.r.%...ttF...=.%.%%%.%.%%
%...%.v.%.....%.....%.%.%.......FF......%........%
%.%.%.%%%%%...%.%%%.%.%@%.%%%..ttF....=.%.%..r=.%%  >[npc:chest_wooden]
%.....%.............%.%.%...%.........v...%......%
%..%%.....%.%%%.%...%.%.%.%.%.........=.....=.=.=%
%.....%.............%r....%.......=.%...%.%....@=%  >[npc:chest_wooden]
%.%r.%%.%.%.........%.%%%.%%%%%..==.%.%%%...=====%
%.......%.....t.....%...%..r..%...=.....%.=......%
%.%%%%%%%.%....F...%%%.v%%%.%.%.=t==..%...===.=.%%
%.......%v..v.FF......%.%.......=...=...=....v=.%%
%.%%%...%v..v...F...%.%...%%%%===...=====.=.=...@%  >[npc:chest_iron]
%.....%.............%...%.%.......=..t....=.....%%
%.v.%%%%%..%%...%%%.%%.%%.%.%%..=..=.%.%....%%%.%%
%...%...%.......%...%.....r.%...=...........%...%%
%.%.%.%.%.%.%%%.%.....%.%%%.%.===.=.........%.%.%%
%.........%...%...%..v.v....%........t.v.t..%t..%%
%%%.....%%%%..%.%.@%%.%%..%.%%%%%%%.......P.%.%.%%  >[npc:chest_wooden]
%...%.%..v....%.....%.%.....%........tP..P......%%
%...%.%%.....%%.%%%.....%%%%%.%.......PPPP..%.BBB%
%...t.%...%...v...%...%.%.............PPP...%...B%
%.%%%%..%%%%%..%%.%.%..........%%.%...........B@B%  >[npc:culvert_valve_7]
%......t%.v...%.....%.............%.......%...B.B%
%.%%..........%.%.%%............%.%.%.%%%%%.%%B..%
%.....................t...t.....%.%v.......v..B.B%
%.%%##........#....%%...........%.%.%%%.%%%%%.B.B%
%.........tt....#...%....r.r........%..r........B%
%.%.#....ttt...####.......v.....%%%%%.%%%%%%%...B%
%...#.............#.%................@B.......B@B%  >[npc:chest_wooden], [npc:culvert_valve_6]
%.%%%#........#.#.#.%%..%.%.%..%%.%.BB..B.BBBBB.B%
%..v..........#.#.....%...%.......%...B.B.B..v..B%
%.%.##.%%.%.#.#..........%%%%%%..%%.B............%
%.%...%.....#.#...............%.%...B............%
%.%.%.%.###.#.#....ttt...%%.%.%.%.%.BB...........%
%r..%.....#...#....tt..P....%.%...%.B...........@%  >[npc:culvert_valve_2]
%.%%.###..#####....t.PPP..%.%.%.%.%.B.....@......%  >[npc:culvert_valve_4]
%.....#.......#.....PPPP...r%.%.....B............%
%%%%%r..%..##r##.........%.%..%.%%..B..........t.%
%...%.%.%...#.....%.%.%.......%...%..........y...%
%.%.....%...###..%%.%.%%.%%%%%%.%..B.Br..........%
%@........%........v%...v.......%................%  >[npc:chest_golden]
%%%%%r%%%%%%%.%%%%%.%%%%.%%%%%%%%%@BBB...@......@%  >[npc:culvert_valve_5], [npc:culvert_valve_3], [npc:culvert_valve_1]
%%%%%%%%%%%%%%%%%%%%%%%%%%%%%%%%%%%%%%%%%%%%%%%%%%
