# UgaTaima Desert Map
#
# Symbols resolve via assets/tiles.yaml for the "desert" biome (see the
# data-driven legend in the map viewer for the authoritative list).
# Tiles used here:
# . = sand (walkable)   T = Sand Dune   A = Large Dune (blocking)
# R = Moss-covered Stone (corners)   W = oasis water (blocking)
# P = Desert Palm (blocking, environment sprite)
# Spawns / markers:
# n = bandit   d = dragon (lvl-15)   @ = NPC / special-tile placeholder
#
# Layout: a central oasis (desert merchant + red teleporter) plus two small
# palm oases, each guarded by 5 bandits (clearing an oasis's bandits drops a
# 500-gold chest at its water — see desert.clear_encounters in map_configs.yaml).
# The 4 corner 'd's are the MAIN-QUEST dragons: the "dragon_slayer" quest
# (assets/quests.yaml) and the game's victory condition require slaying all 4.
# Keep exactly 4 dragons in the desert unless you also change the win condition.
TTTTTTTTTTTTTTTTTTTTTTTTTTTTTTTTTTTTTTTTTTTTTTTTTT
TTAARTRTA................................ATRTRTAAT
TTAAd....................................AA.T.TAAT
TTAA.T.TA...................................d.TAAT
TTAA.T.TA................................AT.T.TAAT
T................................................T
T........n..n....................................T
T.P......PPPP..........P.........................T
T....n...PWW.....................................T
T........PWW....P................................T
T........PPPP..n....P............................T
T.........n..............P.......................T
T................................................T
T....................................P...........T
T................................................T
T................................................T
T..P..........P.......................P..........T
T................................................T
T................................................T
T................................................T
T.................................P..............T
T................................................T
T....................AAAAAAA.....................T
T...................A.WWWWW.A....................T
T..................@.WWWWWWW.....................T  >[npc:desert_merchant]
T.......................@WW..A...................T  >[stile:rteleporter]
T....................WWWWWWW.A...................T
T...................A.WWWWW..A...................T
T....................AA..........................T
T................................................T
T................................................T
T..............................................P.T
T................................................T
T................................................T
T................................................T
T................................................T
T..................P.............................T
T................................................T
T.................P..............................T
T..................................n..n..........T
T..................P..............PPPP...........T
T..............................n..PWW............T
T.................................PWW............T
T.................................PPPP..n........T
T..................................n.............T
T................................................T
TTAAd....................................AA...TAAT
TTAA.....................................AT.d.TAAT
TTAARTRTA................................ATRTRTAAT
TTTTTTTTTTTTTTTTTTTTTTTTTTTTTTTTTTTTTTTTTTTTTTTTTT
