# UgaTaima Desert Map
# 
# TILE MAPPINGS:
# All tile symbols and their properties are defined in assets/tiles.yaml
# Terrain tiles used in this map:
# . = Empty Space (desert sand - walkable)
# # = Stone Wall (sandstone walls - blocking)
# W = Water (oasis water - blocking)
# T = Desert Dune (blocking, replaces trees)
# A = Large Dune (blocking, replaces ancient trees)
# C = Oasis Clearing (walkable)
# + = Starting Position (walkable)

# Simple 50x50 desert map with dunes instead of trees
# Starting position in center
TTTTTTTTTTTTTTTTTTTTTTTTTTTTTTTTTTTTTTTTTTTTTTTTTT
T................................................T
T................................................T
T.......T....T...............................T...T
T.......T....T...............................T...T
T.......T....T...............................T...T
T................................................T
T................................................T
T..........T............@........................T  >[stile:rteleporter]
T..........T.....................................T
T..........T.....................................T
T................................................T
T................................................T
T...................T............................T
T...................T............................T
T...................T............................T
T................................................T
T................................................T
T.............................T..................T
T.............................T..................T
T.............................T..................T
T................................................T
T................................................T
T................................................T
T................................................T
T................................................T
T...................A............................T
T...................A............................T
T...................A............................T
T................................................T
T................................................T
T..........T.....................................T
T..........T.....................................T
T..........T.....................................T
T................................................T
T................................................T
T.......T....T...............................T...T
T.......T....T...............................T...T
T.......T....T...............................T...T
T................................................T
T................................................T
T..............................WWW...............T
T.............................WWWWW..............T
T..............................WWW...............T
T................................................T
T................................................T
T................................................T
T................................................T
T................................................T
TTTTTTTTTTTTTTTTTTTTTTTTTTTTTTTTTTTTTTTTTTTTTTTTTT