# Eastern Isle Castle (biome: japanese_castle) — 50x50, single level, zoned
# Zones S->N: sannomaru dock . | ninomaru garden ; | honmaru palace , : | tenshu #
# Tiles: % plaster  # red-gate  B lantern  = stone | . cobble  , wood  : tatami  ; garden | L lantern  Y bonsai  H shoji
# Monsters: a ashigaru  m ronin_marksman  n ningyo  e vengeful_ningyo  S samurai (boss)
# NPCs: japanese_castle_exit, castle_oldman (quest), sword_rack_1..5 (behind shoji)
==================================================
==========#####=##################================
==========#@;@#=#@::::::::::::::@#================  >[npc:chest_golden], [npc:spell_lectern], [npc:chest_iron], [npc:chest_iron]
==========#;;;#=#:::::::s::::::::#=====BBBBBB=====
==========#;;;#=#::::::::::::::::#=====B$::@B=====  >[npc:spell_lectern], [tile:vista_live]
==========#####=#::::::::::::::::#=====B:YY:B=====
================#::::::::::::::::#=====Bem:@B=====  >[npc:chest_golden]
================########::########=====BBBBBB=====
=======================,,,,=======================
==%%%%%%%%%%=BBBBBBBBB=,,,,=%%%%%%%%%=BBBBBBBBBB==
==%@:::::::%=B:::::::B=,,,,=%@::::::%=B@:::::m:B==  >[npc:sword_rack_1], [npc:sword_rack_5], [npc:sword_rack_2]
==%H:::::e:%=B:::::::B=,,,,=%H:::n::%=BH:::::::B==
==%::::::::%=B:::::::B=,,,,=%:::::::%=B::::::::B==
==%::::::::%=B:::::H@B=,,,,=%:::::::%=B::::::::B==  >[npc:chest_wooden]
==%%%%,%%%%%=BBBB,BBBB=,,,,=%%%%,%%%%=BBBB,BBBBB==
=,,,,,,,,,,,,,,,,,,,,,,,,,,,,,,,,,,,,,,,,,,,,,,,,=
=,,,,,,,,,,,,,,,,,,,,,,,,,,,,,,,,,,,,,,,,,,,,,,,,=
==%%%%,%%%%%=BBBB,BBBB=,,,,=%%%%,%%%%=BBBB,BBBBB==
==%@::a::::%=B:::::::B=,,,,=%:::::::%=B@:::::::B==  >[npc:sword_rack_3], [npc:sword_rack_4]
==%H:::::::%=B:n:::::B=,,,,=%::::m::%=BH:::::::B==
==%::::::::%=B:::::::B=,a,,=%:::::::%=B::::::::B==
==%::::::::%=B:::::H@B=,,,,=%:::::H@%=B:::::e::B==  >[npc:chest_wooden], [npc:chest_wooden]
==%%%%%%%%%%=BBBBBBBBB=,,,,=%%%%%%%%%=BBBBBBBBBB==
=======================#..#=======================
=======================#..#=======================
=................................................=
=.......L.........L............L.........L.......=
=..;a;;;;;;;;;.....................;;;;;;;;;;a;..=
=..;;;;;;;;;;;......;;;....;;;.....;;;;;e;;;;;;..=
=..;;;;;n;;;;;......;;;....;;;.....;;;;;;;;;;;;..=
=..;;;;;;;;;;;......;;;.n..;;;.....;;;;;;;;;;;;..=
=..;;;;;Y;;;;;......;;;.Y..;;;.....;;;;;;Y;;;;;..=
=..;;;;;;;;;;;......;;;....;;;.....;;;;;;;;;;;;..=
=..;;;;;;;;;;;......;;;....;;;.....;;;;;n;;;;;;..=
=..;;;;;;;;;;;......;;;....;;;.....;;;;;;;;;;;;..=
=..;;;;;;;;;;;......;;;....;;;.....;;;;;;;;;;;;..=
=..;;;;;;;;;;;.....................;;;;;;;;;;;;..=
=.................L.....@......L.................=  >[npc:castle_oldman]
=................................................=
=======================#..#=======================
=======================#..#=======================
=................................................=
=................................................=
=................................................=
=...........a........................a...........=
=................................................=
=.....L....................................L.....=
=...@...................+........................=  >[npc:japanese_castle_exit]
=................................................=
==================================================
