# Eastern Isle Castle (biome: japanese_castle) — 50x50, single level, zoned
# Zones S->N: sannomaru dock . | ninomaru garden ; | honmaru palace , : | tenshu #
# Tiles: % plaster  # red-gate  B lantern  = stone | . cobble  , wood  : tatami  ; garden | L lantern  Y bonsai  H shoji
# Monsters: a ashigaru  m ronin_marksman  n ningyo  e vengeful_ningyo  S samurai (boss)
# NPCs: japanese_castle_exit, castle_oldman (quest), sword_rack_1..5 (behind shoji)
# TWO SEALED POCKETS, no door in or out - they are FLY secrets. The castle
# sky ships _day/_night variants, so Fly holds here (currentMapHasOpenSky).
# gate: fly (11,2) chest_golden - NW pocket, walled in granite
# gate: fly (13,2) spell_lectern - NW pocket, beside the chest
# gate: fly (43,4) spell_lectern - NE pocket behind the vista wall
# gate: fly (43,6) chest_golden - NE pocket, guarded inside by 2 mobs
==================================================
==========#####=##################================
==========#@;@#=#::::::::::::H:::#================  >[npc:chest_golden], [npc:spell_lectern]
==========#;;;#=#H@H::::s::::H@::#=====BBBBBB=====  >[npc:chest_iron], [npc:chest_iron]
==========#;Y;#=#:H::::::::::HHH:#=====B$::@B=====  >[npc:spell_lectern], [tile:vista_live]
==========#####=#:HH:::::::::::::#=====B::Y:B=====
================#::::::::::::HHH:#=====Bem:@B=====  >[npc:chest_golden]
================########::########=====BBBBBB=====
=======================,,,,=======================
==%%%%%%%%%%=BBBBBBBBB=,,,,=%%%%%%%%%=BBBBBBBBBB==
==%@:::::H:%=B:::::::B=,,,,=%:@H::::%=B@H:::Hm:B==  >[npc:sword_rack_1], [npc:sword_rack_5], [npc:sword_rack_2]
==%H::H::e:%=BH:HHHH:B=,,,,=%:HH:n::%=B:H::H:::B==
==%HHHH:H:H%=B:::::H:B=,,,,=%::::HH:%=B:H::::H:B==
==%:::::H::%=B:H:::H@B=,,,,=%::::H::%=B:::::HH:B==  >[npc:chest_wooden]
==%%%%@%%%%%=BBBB,BBBB=,,,,=%%%%@%%%%=BBBB@BBBBB==  >[npc:wooden_door], [npc:wooden_door], [npc:wooden_door]
=,,,,,,,,,,,,,,,,,,,,,,,,,,,,,,,,,,,,,,,,,,,,,,,,=
=,,,,,,,,,,,,,,,,,,,,,,,,,,,,,,,,,,,,,,,,,,,,,,,,=
==%%%%@%%%%%=BBBB,BBBB=,,,,=%%%%,%%%%=BBBB@BBBBB==  >[npc:wooden_door], [npc:wooden_door]
==%@H:a::::%=B::H::HHB=,,,,=%:@H::HH%=B@H::::::B==  >[npc:sword_rack_3], [npc:chest_wooden], [npc:sword_rack_4]
==%:H::::H:%=B:nH::::B=,,,,=%:H::m::%=B:H:n:HHHB==
==%:H::::H:%=BH:H:HH:B=,a,,=%:H:::H:%=B:H:n::H:B==
==%::::::H:%=BH::::H@B=,,,,=%:::::H:%=B:::::e::B==  >[npc:chest_wooden]
==%%%%%%%%%%=BBBBBBBBB=,,,,=%%%%%%%%%=BBBBBBBBBB==
=======================#..#=======================
=======================#..#=======================
=................................................=
=................................................=
=..;aa;;L;;;;;.....................L;;;;e;;;;aL..=
=..;;;;;;;;;;;......;L;....;L;.....;;;;;e;;;;a;..=
=..;;Y;;nn;Y;;......;Y;....;Y;.....;;;Y;;;Y;Y;;..=
=..;;;;;;;;;;;......;;;.n..;;;.....;;;;;;;;;;;;..=
=..;Y;Y;Y;Y;Y;......;Y;....;;;......;Y;Y;Y;Y;Y;..=
=..;;;;;;;;;;;......;;;....;Y;.....;;;;;;;;;;;;..=
=..;;Y;;Y;;Y;;......;;;....;;;.....;;;Y;n;Y;Y;;..=
=..;;;;;;;;;;;......;Y;....;Y;.....;;;;;n;;;;;;..=
=..;;;;;;;;;;;......;L;....;L;.....;;;;;;;;;;a;..=
=..;;;;;L;;;;;.....................L;;;;;;;;;aL..=
=.......................@........................=  >[npc:castle_oldman]
=................................................=
=======================#..#=======================
=======================#..#=======================
=;Y;Y;Y;Y;Y;Y;Y;Y;Y;Y;Y;..;Y;Y;Y;Y;Y;Y;Y;Y;Y;Y;Y;=
=.....;.a...;;...;;;...............;;............=
=..L.;Y;.L.;Y;.L.;Y;.L.....L..L..L.;Y;.L..L.aL...=
==...a;;...;a.....;.................;a...........=
Q=.......;;....;..............;...........;;.....=
QQ....L.;Y;.L.;Y;.L..L.....L.;Y;.L..L..L.;Y;aL...=
QQ@......;.....;;.......+.....@;..........;......=  >[npc:japanese_castle_exit], [npc:sakura_garden_entrance]
QQQQ==...........................................=
QQQQQ=============================================
