# Lich Nexus (biome: lich_nexus)
# Symbols: % = nexus wall   . = obsidian floor   + = start
# Monster spawns: q = lich   k = lich king   r = revenant
# Four rooms: three hold 1 lich + 2 revenants; the far (lower-right) room holds 1 lich king + 3 revenants.
# Entrance (+) is top-center; exit portal (@) is bottom-center.
%%%%%%%%%%%%%%%%%%%%%%%%%%%%%%%%%%%
%%%%%%%%%%%%%%%%%%%%%%%%%%%%%%%%%%%
%%...........%%%%+%%%%...........%%
%%...........%%%%.%%%%...........%%
%%..r........%%%%.%%%%.r.........%%
%%.....q.....%%%%.%%%%....q......%%
%%...............................%%
%%.......r...%%%%.%%%%..r........%%
%%...........%%%%.%%%%...........%%
%%...........%%%%.%%%%...........%%
%%%%%%%%%%%%%%.......%%%%%%%%%%%%%%
%%%%%%%%%%%%%%.......%%%%%%%%%%%%%%
%%%%%%%%%%%%%%.......%%%%%%%%%%%%%%
%%%%%%%%%%%%%%.......%%%%%%%%%%%%%%
%%%%%%%%%%%%%%.......%%%%%%%%%%%%%%
%%...........%%%%.%%%%...........%%
%%...........%%%%.%%%%...........%%
%%..r........%%%%.%%%%.r.........%%
%%.....q..................k......%%
%%...........%%%%.%%%%.r.........%%
%%.......r...%%%%.%%%%......r....%%
%%...........%%%%.%%%%...........%%
%%...........%%%%@%%%%...........%%  >[npc:lich_nexus_exit]
%%%%%%%%%%%%%%%%%%%%%%%%%%%%%%%%%%%
%%%%%%%%%%%%%%%%%%%%%%%%%%%%%%%%%%%
