# Pyramid Level 3 (biome: pyramid)
# Symbols: % = pyramid wall   . = stone floor   + = start
# Monster spawns: i = Isis. Clearing all 4 spawns 4 dragon-statuette chests behind them.
# @ = NPC placeholder: stairs down to level 2 (east side room, away from entrance)
%%%%%%%%%%%%%%%%%%%%%%%%%%%%%%%
%%%%%%%%%%%%%%%%%%%%%%%%%%%%%%%
%%%%%%...................%%%%%%
%%%%%%...................%%%%%%
%%%%%%...................%%%%%%
%%%%%%...i...i...i...i...%%%%%%
%%%%%%...................%%%%%%
%%%%%%...................%%%%%%
%%%%%%...................%%%%%%
%%%%%%...................%%%%%%
%%%%%%%%%%%%%%%.%%%%%%%%%%%%%%%
%%%%%%%%%%%%%%%.%%%%%%%%%%%%%%%
%%%%%%%%%%%%%%%.%%%%%%%%%%%%%%%
%%%%.........%%.%%@........%%%%  >[npc:chest_wooden]
%%%%.......%%%%.%%%%.......%%%%
%%%%..in.....%%.%%.........%%%%
%$d@..in......@...........@%%%%  >[npc:steel_door], [npc:reinforced_door], [npc:pyramid_stairs_to_2], [tile:skull]
%%%%..in.....%%.%%.........%%%%
%%%%.......%%%%.%%%%.......%%%%
%%%%........@%%.%%.........%%%%  >[npc:chest_golden]
%%%%%%%%%%%%%%%.%%%%%%%%%%%%%%%
%%%%%%%%%%%%%%%+%%%%%%%%%%%%%%%
%%%%%%%%%%%%%%%%%%%%%%%%%%%%%%%
