XXXXXXXXXXXXXXXXXXXXXXXXXXXXXXXX
XXXXXXXXXXXXXXXXXXXYXXXXXXXXXXXX
XX...@...XXXX........XXXXXXXXXXX  >[npc:solstice_water_exit]
XX.......XXXY.ab.....YXXXXXXXXXX
XX..+.....~..........XXXXXXXXXXX
XX.......XXXX...@....XXXXXXXXXXX  >[npc:solstice_water_intake_sluice]
XX.......XXXX........XXXXXXXXXXX
XXXXX.XYXXXXX.....ca.XXXXXXXXXXX
XXXXX.XXXXXXX........XXXXXXXXXXX
XXXXX.XXXXXXXXXXXX.XXXXXXXXYXXXX
XXXXX~XXXXXXXXXXXX.YXX........XX
XXXXX.XXXXXXXXXXXX.XXX.bc...abXX
XXXYX.XXXXXXXXXXXX..~.........YX
XX.......XXXXXXXXXXXXX........XX
XX.ca....XXXXXXXXXXXXX.SSSSSS.XX
XX.......XXXXXXXXXXXXX.SSSSSS.XX
XX..@....XXXXXXXXXXXXX.....@caXX  >[npc:solstice_water_cache], [npc:solstice_water_return_sluice]
XX....bc.XXXXXXXXXXXXX......S.XX
XX.......YXXXXXXXXYXXXXXX.XYXXXX
XXXXXXXXXXXX........XXXXX.XXXXXX
XXXXXXXXXXXY.bc.....YXXXX.XXXXXX
XXXXXXXXXXXX...m..........XXXXXX
XXXXXXXXXXXX....@.abXXYXXXXXXXXX  >[npc:solstice_records_water_record]
XXXXXXXXXXXX........XXXXXXXXXXXX
XXXXXXXXXXXXXXXYXXXXXXXXXXXXXXXX
XXXXXXXXXXXXXXXXXXXXXXXXXXXXXXXX
