XXXXXXXXXXXXXXXXXXXXXXXXXXXXXXXX
XXXXXXXXXXXXXXXXXXXXXXXXXXXXYXXX
XXXXXXXXXXXXXXXXXXXXY........YXX
XXX........XXXXXXXXXX.ab.....XXX
XXX.ca.....XXXXXXXXXX........XXX
XXX..@.....XXXXXXXXXX....m...XXX  >[npc:solstice_air_cache]
XXX........XXXXXXXXXX.....@..XXX  >[npc:solstice_records_air_record]
XXX.....bc.XXXXXXXXXX........XXX
XXX........XXXXXXXXXX........XXX
XXXXXX.XXYXXXXXXXXXXXXXXX.XYXXXX
XXXXXX~XXXXXXXXXXXXXXXXXX.XXYXXX
XXXXXX.XXXXXXXXXXXXXXX........XX
XXX.......XXYXXXXXXXXY.ca.....YX
XXX.ab....XX.......XXX....@...XX  >[npc:solstice_air_hub_vane]
XXX....@..XX.bc....XXX........XX  >[npc:solstice_air_gallery_vane]
XXX........~.......~~~........XX
XXX....ca.XX.......XXX.....bc.XX
XXX.......XX....ab.XXX........XX
XXXXXX~XXYXX.......XXXXXXXXYXXXX
XXXXXX.XXXXXXXXXXXXXXXXXXXXXXXXX
XXYXXX.XXXXXXXXXXXXXXXXXXXXXXXXX
XX.......XXXXXXXXXXXXXXXXXXXXXXX
XX...+@..XXXXXXXXXXXXXXXXXXXXXXX  >[npc:solstice_air_exit]
XX.......XXXXXXXXXXXXXXXXXXXXXXX
XX.......XXXXXXXXXXXXXXXXXXXXXXX
XXXXXXXXXXXXXXXXXXXXXXXXXXXXXXXX
