XXXXXXXXXXXXXXXXXXXXXXXXXXXXXXXX
XXXXXXXXXXXXXXXXXXXXXXXXXXXXYXXX
XXXXXXXXXXXXXXXXXXXXXXXXX.....XX
XXX........XXXXXXXXXXXXXX.....YX
XXX.ca.....XXXXXXXXXXXYXX.....XX
XXX..@.....XXXY.........X..m..XX  >[npc:solstice_fire_cache]
XXX.....bc.XXXX.bc......Y...@.XX  >[npc:solstice_records_fire_record]
XXX........XXXX...@...........XX  >[npc:solstice_fire_coolant_east]
XXXXXX.XYXXXXXX.........X.....XX
XXXXXX~XXXXXXXX......ab.X.....XX
XXXXXX.XXXXXXXX.........XXXXYXXX
XXXXXX.XXXXXXXXXXXXX.XXXXXXXXXXX
XXX........XXXXXXXXX~XXXXXXXXXXX
XXX.ab.....XXXXXXXXX.XYXXXXXXXXX
XXX....@...XXXY.........XXXXXXXX  >[npc:solstice_fire_coolant_west]
XXX.........~...bc......YXXXXXXX
XXX.....ca.XXXX..a......XXXXXXXX
XXX........XXXX.......b.XXXXXXXX
XXXXXX.XXYXXXXX.LLLLLLcaXXXXXXXX
XXXXXX.XXXXXXXX.........XXXXXXXX
XX.......XXXXXX.........XXXXXXXX
XX.......XXXXXXXXXXXXYXXXXXXXXXX
XX...+@..XXXXXXXXXXXXXXXXXXXXXXX  >[npc:solstice_fire_exit]
XX.......XXXXXXXXXXXXXXXXXXXXXXX
XXXXXXYXXXXXXXXXXXXXXXXXXXXXXXXX
XXXXXXXXXXXXXXXXXXXXXXXXXXXXXXXX
