# Ocean Depths (biome: water)
# Symbols resolve via assets/tiles.yaml for the "water" biome; the map viewer
# shows the authoritative, data-driven legend with previews. Tiles used here:
# . = ocean floor   T = coral reef   A = large coral   W = water
# Monster spawns: m=medusa o=octopus x=alien
TTTTTTTTTTTTTTTTTTTTTTTTTTTTTTTTTTTTTTTTTTTTTTTTTT
T.......m...............o................m.......T
T...............m.................o..............T
T.......TA...T...............................TAA.T
T.......T@A..T@A.............................T@T.T  >[npc:chest_wooden], [npc:chest_wooden], [npc:chest_golden]
T.......T....TA..............................T.T.T
T...........m................................AAT.T
T........................m.......................T
T..........T.....................................T
T..........T.....................................T
T..........T.....................................T
T.................................o..............T
T.....................................m..........T
T...................T............................T
T...................T............................T
T......xx...........T............................T
T...............m................................T
T...........................................m....T
T.............................T..................T
T.............................T..................T
T.............................T..................T
T................................................T
T................................................T
T................................................T
T......................................xx........T
T................................................T
T...................A............................T
T...................A............................T
T...................A............................T
T................................................T
T........ATA.....................................T
T.......AT@TA....................................T  >[npc:chest_iron]
T.......AT.TA....................................T
T.......AT.TA....................................T
T........T..T....................................T
T........TT.T....................................T
T.......TT..TT...............................T...T
T.......T....T...............................T...T
T.......TT.TTT...............................T...T
T........T.T.....................................T
T................................................T
T..............................WWW...............T
T.............................WWWWW..............T
T.........xx...................WWW...............T
T................................................T
T................................................T
T................................................T
T................................................T
T................................................T
TTTTTTTTTTTTTTTTTTTTTTTTTTTTTTTTTTTTTTTTTTTTTTTTTT
