TTTTTTTTTTTTTTTTTTTTTTTTTTTTTTTTTTTTTTTTTTTTTTTTTT
T................................................T
T................................................T
T.......T....T...............................T...T
T.......T....T...............................T...T
T.......T....T...............................T...T
T................................................T
T................................................T
T..........T.....................................T
T..........T.....................................T
T..........T.....................................T
T................................................T
T................................................T
T...................T............................T
T...................T............................T
T......xx...........T............................T
T................................................T
T................................................T
T.............................T..................T
T.............................T..................T
T.............................T..................T
T................................................T
T................................................T
T................................................T
T......................................xx........T
T................................................T
T...................A............................T
T...................A............................T
T...................A............................T
T................................................T
T................................................T
T..........T.....................................T
T..........T.....................................T
T..........T.....................................T
T................................................T
T................................................T
T.......T....T...............................T...T
T.......T....T...............................T...T
T.......T....T...............................T...T
T................................................T
T................................................T
T..............................WWW...............T
T.............................WWWWW..............T
T.........xx...................WWW...............T
T................................................T
T................................................T
T................................................T
T................................................T
T................................................T
TTTTTTTTTTTTTTTTTTTTTTTTTTTTTTTTTTTTTTTTTTTTTTTTTT
