# UgaTaima Water Map (Underwater)
# 
# TILE MAPPINGS:
# All tile symbols and their properties are defined in assets/tiles.yaml
# Terrain tiles used in this map:
# . = Empty Space (ocean floor - walkable)
# # = Stone Wall (coral walls - blocking)
# W = Water (deep trenches - blocking)
# T = Coral Reef (blocking, replaces trees)
# A = Large Coral Formation (blocking, replaces ancient trees)
# C = Sandy Clearing (walkable)
# + = Starting Position (walkable)

# Simple 50x50 underwater map with coral reefs instead of trees
# Starting position in center
TTTTTTTTTTTTTTTTTTTTTTTTTTTTTTTTTTTTTTTTTTTTTTTTTT
T................................................T
T................................................T
T.......T....T...............................T...T
T.......T....T...............................T...T
T.......T....T...............................T...T
T................................................T
T................................................T
T..........T.....................................T
T..........T.....................................T
T..........T.....................................T
T................................................T
T................................................T
T...................T............................T
T...................T............................T
T...................T............................T
T................................................T
T................................................T
T.............................T..................T
T.............................T..................T
T.............................T..................T
T................................................T
T................................................T
T................................................T
T................................................T
T................................................T
T...................A............................T
T...................A............................T
T...................A............................T
T................................................T
T................................................T
T..........T.....................................T
T..........T.....................................T
T..........T.....................................T
T................................................T
T................................................T
T.......T....T...............................T...T
T.......T....T...............................T...T
T.......T....T...............................T...T
T................................................T
T................................................T
T..............................WWW...............T
T.............................WWWWW..............T
T..............................WWW...............T
T................................................T
T................................................T
T................................................T
T................................................T
T................................................T
TTTTTTTTTTTTTTTTTTTTTTTTTTTTTTTTTTTTTTTTTTTTTTTTTT